
> boardroom-frontend@1.0.0 build
> tsc && vite build

src/contexts/ProposalContext.tsx(120,35): error TS7006: Parameter 'c' implicitly has an 'any' type.
src/pages/ProposalDetail.tsx(23,33): error TS2339: Property 'delibs_ready' does not exist on type 'ProposalContextType'.
